Info: Starting: Create simulation model
Info: qsys-generate C:\Users\Mahmoud\Desktop\ELEC391\Comms_ass\RSencoder.qsys --simulation=VERILOG --allow-mixed-language-simulation --output-directory=C:\Users\Mahmoud\Desktop\ELEC391\Comms_ass\RSencoder\simulation --family="Cyclone V" --part=5CSEMA5F31C6
Progress: Loading Comms_ass/RSencoder.qsys
Progress: Reading input file
Progress: Adding highspeed_rs_0 [altera_highspeed_rs 16.1]
Progress: Parameterizing module highspeed_rs_0
Progress: Building connections
Progress: Parameterizing connections
Progress: Validating
Progress: Done reading input file
Info: RSencoder: Generating RSencoder "RSencoder" for SIM_VERILOG
Info: highspeed_rs_0: "RSencoder" instantiated altera_highspeed_rs "highspeed_rs_0"
Info: encoder: ----Writing altera_highspeed_rs_enc_lagr_pkg.sv
Info: encoder: "highspeed_rs_0" instantiated altera_highspeed_rs_enc "encoder"
Info: RSencoder: Done "RSencoder" with 3 modules, 11 files
Info: qsys-generate succeeded.
Info: Finished: Create simulation model
Info: Starting: Create Modelsim Project.
Info: sim-script-gen --spd=C:\Users\Mahmoud\Desktop\ELEC391\Comms_ass\RSencoder\RSencoder.spd --output-directory=C:/Users/Mahmoud/Desktop/ELEC391/Comms_ass/RSencoder/simulation/ --use-relative-paths=true
Info: Doing: ip-make-simscript --spd=C:\Users\Mahmoud\Desktop\ELEC391\Comms_ass\RSencoder\RSencoder.spd --output-directory=C:/Users/Mahmoud/Desktop/ELEC391/Comms_ass/RSencoder/simulation/ --use-relative-paths=true
Info: Generating the following file(s) for MODELSIM simulator in C:/Users/Mahmoud/Desktop/ELEC391/Comms_ass/RSencoder/simulation/ directory:
Info: 	mentor/msim_setup.tcl
Info: Generating the following file(s) for VCS simulator in C:/Users/Mahmoud/Desktop/ELEC391/Comms_ass/RSencoder/simulation/ directory:
Info: 	synopsys/vcs/vcs_setup.sh
Info: Generating the following file(s) for VCSMX simulator in C:/Users/Mahmoud/Desktop/ELEC391/Comms_ass/RSencoder/simulation/ directory:
Info: 	synopsys/vcsmx/synopsys_sim.setup
Info: 	synopsys/vcsmx/vcsmx_setup.sh
Info: Generating the following file(s) for NCSIM simulator in C:/Users/Mahmoud/Desktop/ELEC391/Comms_ass/RSencoder/simulation/ directory:
Info: 	cadence/cds.lib
Info: 	cadence/hdl.var
Info: 	cadence/ncsim_setup.sh
Info: 	2 .cds.lib files in cadence/cds_libs/ directory
Info: Generating the following file(s) for RIVIERA simulator in C:/Users/Mahmoud/Desktop/ELEC391/Comms_ass/RSencoder/simulation/ directory:
Info: 	aldec/rivierapro_setup.tcl
Info: For information on how to simulate your IP, see the explanatory comments in the simulator-specific subdirectories under C:/Users/Mahmoud/Desktop/ELEC391/Comms_ass/RSencoder/simulation/.
Info: Regenerate these scripts whenever you make any change to any Quartus-generated IP in your project.
Info: Finished: Create Modelsim Project.
Info: Starting: Create block symbol file (.bsf)
Info: qsys-generate C:\Users\Mahmoud\Desktop\ELEC391\Comms_ass\RSencoder.qsys --block-symbol-file --output-directory=C:\Users\Mahmoud\Desktop\ELEC391\Comms_ass\RSencoder --family="Cyclone V" --part=5CSEMA5F31C6
Progress: Loading Comms_ass/RSencoder.qsys
Progress: Reading input file
Progress: Adding highspeed_rs_0 [altera_highspeed_rs 16.1]
Progress: Parameterizing module highspeed_rs_0
Progress: Building connections
Progress: Parameterizing connections
Progress: Validating
Progress: Done reading input file
Info: qsys-generate succeeded.
Info: Finished: Create block symbol file (.bsf)
Info: 
Info: Starting: Create HDL design files for synthesis
Info: qsys-generate C:\Users\Mahmoud\Desktop\ELEC391\Comms_ass\RSencoder.qsys --synthesis=VERILOG --greybox --output-directory=C:\Users\Mahmoud\Desktop\ELEC391\Comms_ass\RSencoder\synthesis --family="Cyclone V" --part=5CSEMA5F31C6
Progress: Loading Comms_ass/RSencoder.qsys
Progress: Reading input file
Progress: Adding highspeed_rs_0 [altera_highspeed_rs 16.1]
Progress: Parameterizing module highspeed_rs_0
Progress: Building connections
Progress: Parameterizing connections
Progress: Validating
Progress: Done reading input file
Info: RSencoder: Generating RSencoder "RSencoder" for QUARTUS_SYNTH
Info: highspeed_rs_0: "RSencoder" instantiated altera_highspeed_rs "highspeed_rs_0"
Info: encoder: ----Writing altera_highspeed_rs_enc_lagr_pkg.sv
Info: encoder: "highspeed_rs_0" instantiated altera_highspeed_rs_enc "encoder"
Info: RSencoder: Done "RSencoder" with 3 modules, 8 files
Info: Generating third-party timing and resource estimation model ...
Info: Done generating third-party timing and resource estimation model.
Info: qsys-generate succeeded.
Info: Finished: Create HDL design files for synthesis
