Flow report for communication_system
Thu Jun 10 05:06:52 2021
Quartus Prime Version 16.1.0 Build 196 10/24/2016 SJ Lite Edition


---------------------
; Table of Contents ;
---------------------
  1. Legal Notice
  2. Flow Summary
  3. Flow Settings
  4. Flow Non-Default Global Settings
  5. Flow Elapsed Time
  6. Flow OS Summary
  7. Flow Log
  8. Flow Messages
  9. Flow Suppressed Messages



----------------
; Legal Notice ;
----------------
Copyright (C) 2016  Intel Corporation. All rights reserved.
Your use of Intel Corporation's design tools, logic functions 
and other software and tools, and its AMPP partner logic 
functions, and any output files from any of the foregoing 
(including device programming or simulation files), and any 
associated documentation or information are expressly subject 
to the terms and conditions of the Intel Program License 
Subscription Agreement, the Intel Quartus Prime License Agreement,
the Intel MegaCore Function License Agreement, or other 
applicable license agreement, including, without limitation, 
that your use is for the sole purpose of programming logic 
devices manufactured by Intel and sold by Intel or its 
authorized distributors.  Please refer to the applicable 
agreement for further details.



+-------------------------------------------------------------------------------+
; Flow Summary                                                                  ;
+---------------------------------+---------------------------------------------+
; Flow Status                     ; Successful - Thu Jun 10 05:06:31 2021       ;
; Quartus Prime Version           ; 16.1.0 Build 196 10/24/2016 SJ Lite Edition ;
; Revision Name                   ; communication_system                        ;
; Top-level Entity Name           ; Final_project                               ;
; Family                          ; Cyclone V                                   ;
; Device                          ; 5CSEMA5F31C6                                ;
; Timing Models                   ; Final                                       ;
; Logic utilization (in ALMs)     ; 656 / 32,070 ( 2 % )                        ;
; Total registers                 ; 797                                         ;
; Total pins                      ; 115 / 457 ( 25 % )                          ;
; Total virtual pins              ; 0                                           ;
; Total block memory bits         ; 10,240 / 4,065,280 ( < 1 % )                ;
; Total DSP Blocks                ; 0 / 87 ( 0 % )                              ;
; Total HSSI RX PCSs              ; 0                                           ;
; Total HSSI PMA RX Deserializers ; 0                                           ;
; Total HSSI TX PCSs              ; 0                                           ;
; Total HSSI PMA TX Serializers   ; 0                                           ;
; Total PLLs                      ; 1 / 6 ( 17 % )                              ;
; Total DLLs                      ; 0 / 4 ( 0 % )                               ;
+---------------------------------+---------------------------------------------+


+------------------------------------------+
; Flow Settings                            ;
+-------------------+----------------------+
; Option            ; Setting              ;
+-------------------+----------------------+
; Start date & time ; 06/10/2021 05:04:05  ;
; Main task         ; Compilation          ;
; Revision Name     ; communication_system ;
+-------------------+----------------------+


+-----------------------------------------------------------------------------------------------------------------------------------------------------------------+
; Flow Non-Default Global Settings                                                                                                                                ;
+-------------------------------------+----------------------------------------------------------------+----------------------+----------------------+------------+
; Assignment Name                     ; Value                                                          ; Default Value        ; Entity Name          ; Section Id ;
+-------------------------------------+----------------------------------------------------------------+----------------------+----------------------+------------+
; COMPILER_SIGNATURE_ID               ; 121381999377.162329424510200                                   ; --                   ; --                   ; --         ;
; MAX_CORE_JUNCTION_TEMP              ; 85                                                             ; --                   ; --                   ; --         ;
; MIN_CORE_JUNCTION_TEMP              ; 0                                                              ; --                   ; --                   ; --         ;
; MISC_FILE                           ; carrier_freq.cmp                                               ; --                   ; --                   ; --         ;
; MISC_FILE                           ; carrier_freq_sim/carrier_freq.vo                               ; --                   ; --                   ; --         ;
; OUTPUT_IO_TIMING_FAR_END_VMEAS      ; Half Signal Swing                                              ; --                   ; --                   ; --         ;
; OUTPUT_IO_TIMING_FAR_END_VMEAS      ; Half Signal Swing                                              ; --                   ; --                   ; --         ;
; OUTPUT_IO_TIMING_NEAR_END_VMEAS     ; Half Vccio                                                     ; --                   ; --                   ; --         ;
; OUTPUT_IO_TIMING_NEAR_END_VMEAS     ; Half Vccio                                                     ; --                   ; --                   ; --         ;
; PARTITION_COLOR                     ; -- (Not supported for targeted family)                         ; --                   ; Final_project        ; Top        ;
; PARTITION_COLOR                     ; -- (Not supported for targeted family)                         ; --                   ; simple_ipod_solution ; Top        ;
; PARTITION_FITTER_PRESERVATION_LEVEL ; -- (Not supported for targeted family)                         ; --                   ; Final_project        ; Top        ;
; PARTITION_FITTER_PRESERVATION_LEVEL ; -- (Not supported for targeted family)                         ; --                   ; simple_ipod_solution ; Top        ;
; PARTITION_NETLIST_TYPE              ; -- (Not supported for targeted family)                         ; --                   ; Final_project        ; Top        ;
; PARTITION_NETLIST_TYPE              ; -- (Not supported for targeted family)                         ; --                   ; simple_ipod_solution ; Top        ;
; POWER_BOARD_THERMAL_MODEL           ; None (CONSERVATIVE)                                            ; --                   ; --                   ; --         ;
; POWER_PRESET_COOLING_SOLUTION       ; 23 MM HEAT SINK WITH 200 LFPM AIRFLOW                          ; --                   ; --                   ; --         ;
; PROJECT_OUTPUT_DIRECTORY            ; output_files                                                   ; --                   ; --                   ; --         ;
; SEARCH_PATH                         ; c:\users\mahmoud\desktop\elec391\comms_ass\rsencoder\synthesis ; --                   ; --                   ; --         ;
; SEARCH_PATH                         ; c:\users\mahmoud\desktop\elec391\comms_ass\rsdecoder\synthesis ; --                   ; --                   ; --         ;
; SPD_FILE                            ; carrier_freq.spd                                               ; --                   ; --                   ; --         ;
; SYNTHESIS_ONLY_QIP                  ; On                                                             ; --                   ; --                   ; --         ;
; TOP_LEVEL_ENTITY                    ; Final_project                                                  ; communication_system ; --                   ; --         ;
; VERILOG_INPUT_VERSION               ; SystemVerilog_2005                                             ; Verilog_2001         ; --                   ; --         ;
; VERILOG_SHOW_LMF_MAPPING_MESSAGES   ; Off                                                            ; --                   ; --                   ; --         ;
+-------------------------------------+----------------------------------------------------------------+----------------------+----------------------+------------+


+-------------------------------------------------------------------------------------------------------------------------------+
; Flow Elapsed Time                                                                                                             ;
+---------------------------+--------------+-------------------------+---------------------+------------------------------------+
; Module Name               ; Elapsed Time ; Average Processors Used ; Peak Virtual Memory ; Total CPU Time (on all processors) ;
+---------------------------+--------------+-------------------------+---------------------+------------------------------------+
; Analysis & Synthesis      ; 00:00:20     ; 1.0                     ; 4830 MB             ; 00:00:26                           ;
; Fitter                    ; 00:01:48     ; 1.0                     ; 6378 MB             ; 00:02:19                           ;
; Assembler                 ; 00:00:13     ; 1.0                     ; 4835 MB             ; 00:00:13                           ;
; TimeQuest Timing Analyzer ; 00:00:19     ; 1.2                     ; 5182 MB             ; 00:00:17                           ;
; Total                     ; 00:02:40     ; --                      ; --                  ; 00:03:15                           ;
+---------------------------+--------------+-------------------------+---------------------+------------------------------------+


+-----------------------------------------------------------------------------------------+
; Flow OS Summary                                                                         ;
+---------------------------+------------------+------------+------------+----------------+
; Module Name               ; Machine Hostname ; OS Name    ; OS Version ; Processor type ;
+---------------------------+------------------+------------+------------+----------------+
; Analysis & Synthesis      ; DESKTOP-V8AREDT  ; Windows 10 ; 10.0       ; x86_64         ;
; Fitter                    ; DESKTOP-V8AREDT  ; Windows 10 ; 10.0       ; x86_64         ;
; Assembler                 ; DESKTOP-V8AREDT  ; Windows 10 ; 10.0       ; x86_64         ;
; TimeQuest Timing Analyzer ; DESKTOP-V8AREDT  ; Windows 10 ; 10.0       ; x86_64         ;
+---------------------------+------------------+------------+------------+----------------+


------------
; Flow Log ;
------------
quartus_map --read_settings_files=on --write_settings_files=off comms_channel -c communication_system
quartus_fit --read_settings_files=off --write_settings_files=off comms_channel -c communication_system
quartus_asm --read_settings_files=off --write_settings_files=off comms_channel -c communication_system
quartus_sta comms_channel -c communication_system



